// Jest Snapshot v1, https://goo.gl/fbAQLP

exports[`should correctly render the LoadingPage 1`] = `
<div
  className="loader"
>
  <img
    className="loader__image"
    src="/images/loader.webp"
  />
</div>
`;
